
> my-v0-project@0.1.0 start
> next start

   ▲ Next.js 16.0.3
   - Local:         http://localhost:3000
   - Network:       http://10.51.181.33:3000

 ✓ Starting...
 ✓ Ready in 250ms
Terminate batch job (Y/N)? 
> my-v0-project@0.1.0 start
> next start

   ▲ Next.js 16.0.3
   - Local:         http://localhost:3000

 ✓ Starting...
 ✓ Ready in 770ms
Terminate batch job (Y/N)? 
> my-v0-project@0.1.0 start
> next start

   ▲ Next.js 16.0.3
   - Local:         http://localhost:3000

 ✓ Starting...
 ✓ Ready in 884ms
Terminate batch job (Y/N)? 
> my-v0-project@0.1.0 start
> next start

   ▲ Next.js 16.0.3
   - Local:         http://localhost:3000

 ✓ Starting...
 ✓ Ready in 1538ms
Terminate batch job (Y/N)? 
> my-v0-project@0.1.0 start
> next start

   ▲ Next.js 16.0.3
   - Local:         http://localhost:3000

 ✓ Starting...
 ✓ Ready in 1569ms
Terminate batch job (Y/N)? 
> my-v0-project@0.1.0 start
> next start

   ▲ Next.js 16.0.3
   - Local:         http://localhost:3000

 ✓ Starting...
 ✓ Ready in 1379ms
Terminate batch job (Y/N)? 
> my-v0-project@0.1.0 start
> next start

   ▲ Next.js 16.0.3
   - Local:         http://localhost:3000

 ✓ Starting...
 ✓ Ready in 948ms
Terminate batch job (Y/N)? 
> my-v0-project@0.1.0 start
> next start

   ▲ Next.js 16.0.3
   - Local:         http://localhost:3000

 ✓ Starting...
 ✓ Ready in 1607ms
Terminate batch job (Y/N)? 
> my-v0-project@0.1.0 start
> next start

   ▲ Next.js 16.0.3
   - Local:         http://localhost:3000

 ✓ Starting...
 ✓ Ready in 635ms
Terminate batch job (Y/N)? 